// Vitest Snapshot v1, https://vitest.dev/guide/snapshot.html

exports[`apply command - integration > full apply > should produce the expected output tree 1`] = `
[
  ".gitignore",
  "README.md",
  "package.json",
  "packages/",
  "packages/alpha/",
  "packages/alpha/.gitignore",
  "packages/alpha/package.json",
  "packages/alpha/src/",
  "packages/alpha/src/index.ts",
  "packages/beta/",
  "packages/beta/package.json",
  "packages/beta/src/",
  "packages/beta/src/index.ts",
  "pnpm-workspace.yaml",
]
`;
